// Vitest Snapshot v1, https://vitest.dev/guide/snapshot.html

exports[`Button > variant별 토큰 클래스 스냅샷 1`] = `"<button class="inline-flex h-12 items-center justify-center gap-2 rounded-2 px-5 text-body-lg font-semibold transition duration-200 ease-standard active:scale-[0.99] disabled:pointer-events-none disabled:opacity-50 bg-brand-500 text-fg-onbrand shadow-brand active:bg-brand-600">기본</button><button class="inline-flex h-12 items-center justify-center gap-2 rounded-2 px-5 text-body-lg font-semibold transition duration-200 ease-standard active:scale-[0.99] disabled:pointer-events-none disabled:opacity-50 bg-bg-sunken text-fg active:bg-border">보조</button><button class="inline-flex h-12 items-center justify-center gap-2 rounded-2 px-5 text-body-lg font-semibold transition duration-200 ease-standard active:scale-[0.99] disabled:pointer-events-none disabled:opacity-50 border border-border-strong text-fg active:bg-bg-sunken">아웃라인</button>"`;
